Сборка начата 06.12.2024 18:28:13.
Уровень детализации журнала: Normal.     1>Проект "C:\Users\Антон Шевчик\Documents\2 курс\3 семестр\Лабораторные КПО\SE_Asm02\SE_Asm02\SE_Asm02.vcxproj" в узле 2 (целевые объекты Build).
     1>PrepareForBuild:
         Структурированный вывод включен. Форматирование диагностики компилятора будет отражать иерархию ошибок. Подробнее см. https://aka.ms/cpp/structured-output.
       InitializeBuildStatus:
         Обращение к "Debug\SE_Asm02.tlog\unsuccessfulbuild".
       _MASM:
         Assembling SE_Asm02.asm...
         cmd.exe /C "C:\Users\Антон Шевчик\AppData\Local\Temp\tmp6ea40884dad142ecaa0a611bb18cbc78.cmd"
         ml.exe /c /nologo /Zi /Fo"Debug\SE_Asm02.obj" /Fl"List" /W3 /errorReport:prompt  /TaSE_Asm02.asm
       Link:
         C:\Program Files\Microsoft Visual Studio\2022\Community\VC\Tools\MSVC\14.41.34120\bin\HostX86\x86\link.exe /ERRORREPORT:PROMPT /OUT:"C:\Users\Антон Шевчик\Documents\2 курс\3 семестр\Лабораторные КПО\SE_Asm02\Debug\SE_Asm02.exe" /INCREMENTAL /ILK:"Debug\SE_Asm02.ilk" /NOLOGO kernel32.lib user32.lib gdi32.lib winspool.lib comdlg32.lib advapi32.lib shell32.lib ole32.lib oleaut32.lib uuid.lib odbc32.lib odbccp32.lib /MANIFEST /MANIFESTUAC:"level='asInvoker' uiAccess='false'" /manifest:embed /DEBUG /PDB:"C:\Users\Антон Шевчик\Documents\2 курс\3 семестр\Лабораторные КПО\SE_Asm02\Debug\SE_Asm02.pdb" /SUBSYSTEM:CONSOLE /TLBID:1 /DYNAMICBASE /NXCOMPAT /IMPLIB:"C:\Users\Антон Шевчик\Documents\2 курс\3 семестр\Лабораторные КПО\SE_Asm02\Debug\SE_Asm02.lib" /MACHINE:X86 Debug\SE_Asm02.obj
         SE_Asm02.vcxproj -> C:\Users\Антон Шевчик\Documents\2 курс\3 семестр\Лабораторные КПО\SE_Asm02\Debug\SE_Asm02.exe
       FinalizeBuildStatus:
         Файл "Debug\SE_Asm02.tlog\unsuccessfulbuild" удаляется.
         Обращение к "Debug\SE_Asm02.tlog\SE_Asm02.lastbuildstate".
     1>Сборка проекта "C:\Users\Антон Шевчик\Documents\2 курс\3 семестр\Лабораторные КПО\SE_Asm02\SE_Asm02\SE_Asm02.vcxproj" завершена (целевые объекты Build).

Сборка успешно завершена.
    Предупреждений: 0
    Ошибок: 0

Прошло времени 00:00:00.68
