Microsoft (R) Macro Assembler Version 14.41.34123.0	    12/06/24 18:28:14
SE_Asm02.asm						     Page 1 - 1


				.586P                               ; система команд (процессор Pentium)
				.MODEL FLAT, STDCALL               ; модель памяти, соглашение о вызовах
				includelib kernel32.lib            ; компоновщик: компановать с kernel32.lib

				ExitProcess PROTO : DWORD          ; прототип функции ExitProcess
				MessageBoxA PROTO : DWORD, : DWORD, : DWORD, : DWORD ; прототип API-функции MessageBoxA

				.STACK 4096                         ; сегмент стека объемом 4096

 00000000			.CONST                              ; сегмент констант

 00000000			.DATA                               ; сегмент данных
 = 00000000			MB_OK EQU 0                         ; EQU определяет константу
 00000000 D1 EB EE E6 E5	STR1 DB "Сложение 2 чисел", 0       ; строка + нулевой байт
	   ED E8 E5 20 32
	   20 F7 E8 F1 E5
	   EB 00
 00000011 D0 E5 E7 F3 EB	STR2 DB "Результат сложения =  ", 0  ; строка + нулевой байт 
	   FC F2 E0 F2 20
	   F1 EB EE E6 E5
	   ED E8 FF 20 3D
	   20 20 00
 00000028 00000001		NUM1 DD 1                           
 0000002C 00000004		NUM2 DD 4
 00000030 00000000		HW DD ?

 00000000			.CODE                               ; сегмент кода

 00000000			main PROC                           ; точка входа, начало процедуры main
 00000000			START:                              ; метка
 00000000  A1 00000028 R	    mov eax,NUM1
 00000005  03 05 0000002C R	    add eax,NUM2
 0000000B  83 C0 30		    add eax,30h 								    
 0000000E  A2 00000026 R		mov STR2+21, al	
				    INVOKE MessageBoxA, HW, OFFSET STR2, OFFSET STR1, MB_OK

 0000002A  6A FF		    PUSH -1                         ; код возврата процесса Windows (параметр ExitProcess)
 0000002C  E8 00000000 E	    call ExitProcess                ; завершение процесса Windows
 00000031			main ENDP                           ; конец процедуры

				end main                            ; конец модуля, точка входа main
Microsoft (R) Macro Assembler Version 14.41.34123.0	    12/06/24 18:28:14
SE_Asm02.asm						     Symbols 2 - 1




Segments and Groups:

                N a m e                 Size     Length   Align   Combine Class

CONST  . . . . . . . . . . . . .	32 Bit	 00000000 Para	  Public  'CONST'	 ReadOnly
FLAT . . . . . . . . . . . . . .	GROUP
STACK  . . . . . . . . . . . . .	32 Bit	 00001000 Para	  Stack	  'STACK'	 
_DATA  . . . . . . . . . . . . .	32 Bit	 00000034 Para	  Public  'DATA'	
_TEXT  . . . . . . . . . . . . .	32 Bit	 00000031 Para	  Public  'CODE'	


Procedures, parameters, and locals:

                N a m e                 Type     Value    Attr

ExitProcess  . . . . . . . . . .	P Near	 00000000 FLAT	Length= 00000000 External STDCALL
MessageBoxA  . . . . . . . . . .	P Near	 00000000 FLAT	Length= 00000000 External STDCALL
main . . . . . . . . . . . . . .	P Near	 00000000 _TEXT	Length= 00000031 Public STDCALL
  START  . . . . . . . . . . . .	L Near	 00000000 _TEXT	


Symbols:

                N a m e                 Type     Value    Attr

@CodeSize  . . . . . . . . . . .	Number	 00000000h   
@DataSize  . . . . . . . . . . .	Number	 00000000h   
@Interface . . . . . . . . . . .	Number	 00000003h   
@Model . . . . . . . . . . . . .	Number	 00000007h   
@code  . . . . . . . . . . . . .	Text   	 _TEXT
@data  . . . . . . . . . . . . .	Text   	 FLAT
@fardata?  . . . . . . . . . . .	Text   	 FLAT
@fardata . . . . . . . . . . . .	Text   	 FLAT
@stack . . . . . . . . . . . . .	Text   	 FLAT
HW . . . . . . . . . . . . . . .	DWord	 00000030 _DATA	
MB_OK  . . . . . . . . . . . . .	Number	 00000000h   
NUM1 . . . . . . . . . . . . . .	DWord	 00000028 _DATA	
NUM2 . . . . . . . . . . . . . .	DWord	 0000002C _DATA	
STR1 . . . . . . . . . . . . . .	Byte	 00000000 _DATA	
STR2 . . . . . . . . . . . . . .	Byte	 00000011 _DATA	

	   0 Warnings
	   0 Errors
