Сборка начата 09.12.2024 1:50:41.
Уровень детализации журнала: Normal.     1>Проект "C:\Users\Антон Шевчик\Documents\2 курс\3 семестр\Лабораторные КПО\Assembler\Assembler\Assembler\Assembler.vcxproj" в узле 2 (целевые объекты Build).
     1>PrepareForBuild:
         Структурированный вывод включен. Форматирование диагностики компилятора будет отражать иерархию ошибок. Подробнее см. https://aka.ms/cpp/structured-output.
         Создание каталога "C:\Users\Антон Шевчик\Documents\2 курс\3 семестр\Лабораторные КПО\Assembler\Assembler\x64\Debug\".
         Создание каталога "x64\Debug\Assembler.tlog\".
       InitializeBuildStatus:
         Создание "x64\Debug\Assembler.tlog\unsuccessfulbuild", так как было задано "AlwaysCreate".
         Обращение к "x64\Debug\Assembler.tlog\unsuccessfulbuild".
       _MASM:
         Assembling SE_asm01.asm...
         cmd.exe /C "C:\Users\Антон Шевчик\AppData\Local\Temp\tmpfd4af68c644d40298af733e38aca984f.cmd"
         ml64.exe /c /nologo /Zi /Fo"x64\Debug\SE_asm01.obj" /W3 /errorReport:prompt  /TaSE_asm01.asm
     1>SE_asm01.asm(1): error A2008: syntax error : .
     1>SE_asm01.asm(2): error A2008: syntax error : .
     1>SE_asm01.asm(8): error A2008: syntax error : .
     1>SE_asm01.asm(52): error A2008: syntax error : MessageBoxA
     1>SE_asm01.asm(58): error A2008: syntax error : main
     1>SE_asm01.asm(58): error A2088: END directive required at end of file
     1>C:\Program Files\Microsoft Visual Studio\2022\Community\MSBuild\Microsoft\VC\v170\BuildCustomizations\masm.targets(70,5): error MSB3721: выход из команды "ml64.exe /c /nologo /Zi /Fo"x64\Debug\SE_asm01.obj" /W3 /errorReport:prompt  /TaSE_asm01.asm" с кодом "1".
     1>Сборка проекта "C:\Users\Антон Шевчик\Documents\2 курс\3 семестр\Лабораторные КПО\Assembler\Assembler\Assembler\Assembler.vcxproj" завершена (целевые объекты Build) с ошибкой.

Ошибка сборки.

       "C:\Users\Антон Шевчик\Documents\2 курс\3 семестр\Лабораторные КПО\Assembler\Assembler\Assembler\Assembler.vcxproj" (целевой объект Build ) (1) ->
       (Целевой объект _MASM) -> 
         SE_asm01.asm(1): error A2008: syntax error : .
         SE_asm01.asm(2): error A2008: syntax error : .
         SE_asm01.asm(8): error A2008: syntax error : .
         SE_asm01.asm(52): error A2008: syntax error : MessageBoxA
         SE_asm01.asm(58): error A2008: syntax error : main
         SE_asm01.asm(58): error A2088: END directive required at end of file
         C:\Program Files\Microsoft Visual Studio\2022\Community\MSBuild\Microsoft\VC\v170\BuildCustomizations\masm.targets(70,5): error MSB3721: выход из команды "ml64.exe /c /nologo /Zi /Fo"x64\Debug\SE_asm01.obj" /W3 /errorReport:prompt  /TaSE_asm01.asm" с кодом "1".

    Предупреждений: 0
    Ошибок: 7

Прошло времени 00:00:00.29
