Сборка начата 13.12.2024 18:53:10.
Уровень детализации журнала: Normal.     1>Проект "C:\Users\Антон Шевчик\Documents\2 курс\3 семестр\Лабораторные КПО\SE_Asm04\Serealize\Asm\Asm.vcxproj" в узле 2 (целевые объекты Build).
     1>PrepareForBuild:
         Структурированный вывод включен. Форматирование диагностики компилятора будет отражать иерархию ошибок. Подробнее см. https://aka.ms/cpp/structured-output.
       InitializeBuildStatus:
         Создание "Debug\Asm.tlog\unsuccessfulbuild", так как было задано "AlwaysCreate".
         Обращение к "Debug\Asm.tlog\unsuccessfulbuild".
       _MASM:
         Assembling SE_Asm04.asm...
         cmd.exe /C "C:\Users\Антон Шевчик\AppData\Local\Temp\tmpfa69ab0d3f7c46d19fcabe60c59284d2.cmd"
         ml.exe /c /nologo /Zi /Fo"Debug\SE_Asm04.obj" /W3 /errorReport:prompt  /TaSE_Asm04.asm
       Link:
         C:\Program Files\Microsoft Visual Studio\2022\Community\VC\Tools\MSVC\14.41.34120\bin\HostX86\x86\link.exe /ERRORREPORT:PROMPT /OUT:"C:\Users\Антон Шевчик\Documents\2 курс\3 семестр\Лабораторные КПО\SE_Asm04\Serealize\Debug\Asm.exe" /INCREMENTAL /ILK:"Debug\Asm.ilk" /NOLOGO kernel32.lib user32.lib gdi32.lib winspool.lib comdlg32.lib advapi32.lib shell32.lib ole32.lib oleaut32.lib uuid.lib odbc32.lib odbccp32.lib /MANIFEST /MANIFESTUAC:"level='asInvoker' uiAccess='false'" /manifest:embed /DEBUG /PDB:"C:\Users\Антон Шевчик\Documents\2 курс\3 семестр\Лабораторные КПО\SE_Asm04\Serealize\Debug\Asm.pdb" /SUBSYSTEM:CONSOLE /TLBID:1 /DYNAMICBASE /NXCOMPAT /IMPLIB:"C:\Users\Антон Шевчик\Documents\2 курс\3 семестр\Лабораторные КПО\SE_Asm04\Serealize\Debug\Asm.lib" /MACHINE:X86 Debug\SE_Asm04.obj
         Asm.vcxproj -> C:\Users\Антон Шевчик\Documents\2 курс\3 семестр\Лабораторные КПО\SE_Asm04\Serealize\Debug\Asm.exe
       FinalizeBuildStatus:
         Файл "Debug\Asm.tlog\unsuccessfulbuild" удаляется.
         Обращение к "Debug\Asm.tlog\Asm.lastbuildstate".
     1>Сборка проекта "C:\Users\Антон Шевчик\Documents\2 курс\3 семестр\Лабораторные КПО\SE_Asm04\Serealize\Asm\Asm.vcxproj" завершена (целевые объекты Build).

Сборка успешно завершена.
    Предупреждений: 0
    Ошибок: 0

Прошло времени 00:00:00.74
