Сборка начата 26.12.2024 0:06:54.
Уровень детализации журнала: Normal.     1>Проект "C:\Users\Антон Шевчик\Documents\2 курс\3 семестр\Лабораторные КПО\Assembler\Assembler\SE_asm01c\SE_asm01c.vcxproj" в узле 2 (целевые объекты Build).
     1>PrepareForBuild:
         Структурированный вывод включен. Форматирование диагностики компилятора будет отражать иерархию ошибок. Подробнее см. https://aka.ms/cpp/structured-output.
       InitializeBuildStatus:
         Создание "Debug\SE_asm01c.tlog\unsuccessfulbuild", так как было задано "AlwaysCreate".
         Обращение к "Debug\SE_asm01c.tlog\unsuccessfulbuild".
       ClCompile:
         Для всех выходных данных обновления не требуется.
       Link:
         C:\Program Files\Microsoft Visual Studio\2022\Community\VC\Tools\MSVC\14.41.34120\bin\HostX86\x86\link.exe /ERRORREPORT:PROMPT /OUT:"C:\Users\Антон Шевчик\Documents\2 курс\3 семестр\Лабораторные КПО\Assembler\Assembler\Debug\SE_asm01c.exe" /INCREMENTAL /ILK:"Debug\SE_asm01c.ilk" /NOLOGO kernel32.lib user32.lib gdi32.lib winspool.lib comdlg32.lib advapi32.lib shell32.lib ole32.lib oleaut32.lib uuid.lib odbc32.lib odbccp32.lib /MANIFEST /MANIFESTUAC:"level='asInvoker' uiAccess='false'" /manifest:embed /DEBUG /PDB:"C:\Users\Антон Шевчик\Documents\2 курс\3 семестр\Лабораторные КПО\Assembler\Assembler\Debug\SE_asm01c.pdb" /SUBSYSTEM:CONSOLE /TLBID:1 /DYNAMICBASE /NXCOMPAT /IMPLIB:"C:\Users\Антон Шевчик\Documents\2 курс\3 семестр\Лабораторные КПО\Assembler\Assembler\Debug\SE_asm01c.lib" /MACHINE:X86 Debug\SE_asm01c.obj
         SE_asm01c.vcxproj -> C:\Users\Антон Шевчик\Documents\2 курс\3 семестр\Лабораторные КПО\Assembler\Assembler\Debug\SE_asm01c.exe
       FinalizeBuildStatus:
         Файл "Debug\SE_asm01c.tlog\unsuccessfulbuild" удаляется.
         Обращение к "Debug\SE_asm01c.tlog\SE_asm01c.lastbuildstate".
     1>Сборка проекта "C:\Users\Антон Шевчик\Documents\2 курс\3 семестр\Лабораторные КПО\Assembler\Assembler\SE_asm01c\SE_asm01c.vcxproj" завершена (целевые объекты Build).

Сборка успешно завершена.
    Предупреждений: 0
    Ошибок: 0

Прошло времени 00:00:00.12
