Сборка начата 05.12.2024 21:08:10.
Уровень детализации журнала: Normal.     1>Проект "C:\Users\Антон Шевчик\Documents\2 курс\3 семестр\Лабораторные КПО\SE_Asm03\SE_Asm03\SE_Asm03.vcxproj" в узле 2 (целевые объекты Build).
     1>PrepareForBuild:
         Структурированный вывод включен. Форматирование диагностики компилятора будет отражать иерархию ошибок. Подробнее см. https://aka.ms/cpp/structured-output.
         Создание каталога "C:\Users\Антон Шевчик\Documents\2 курс\3 семестр\Лабораторные КПО\SE_Asm03\x64\Debug\".
         Создание каталога "x64\Debug\SE_Asm03.tlog\".
       InitializeBuildStatus:
         Создание "x64\Debug\SE_Asm03.tlog\unsuccessfulbuild", так как было задано "AlwaysCreate".
         Обращение к "x64\Debug\SE_Asm03.tlog\unsuccessfulbuild".
       _MASM:
         Assembling SE_Asm03.asm...
         cmd.exe /C "C:\Users\Антон Шевчик\AppData\Local\Temp\tmp598f23eb1ef04d078ec8cb3d793cbcf5.cmd"
         ml64.exe /c /nologo /Zi /Fo"x64\Debug\SE_Asm03.obj" /Fl"List" /W3 /errorReport:prompt  /TaSE_Asm03.asm
     1>SE_Asm03.asm(1): error A2008: syntax error : .
     1>SE_Asm03.asm(2): error A2008: syntax error : .
     1>SE_Asm03.asm(8): error A2008: syntax error : .
     1>SE_Asm03.asm(22): error A2008: syntax error : MessageBoxA
     1>SE_Asm03.asm(28): error A2008: syntax error : main
     1>SE_Asm03.asm(28): error A2088: END directive required at end of file
     1>C:\Program Files\Microsoft Visual Studio\2022\Community\MSBuild\Microsoft\VC\v170\BuildCustomizations\masm.targets(70,5): error MSB3721: выход из команды "ml64.exe /c /nologo /Zi /Fo"x64\Debug\SE_Asm03.obj" /Fl"List" /W3 /errorReport:prompt  /TaSE_Asm03.asm" с кодом "1".
     1>Сборка проекта "C:\Users\Антон Шевчик\Documents\2 курс\3 семестр\Лабораторные КПО\SE_Asm03\SE_Asm03\SE_Asm03.vcxproj" завершена (целевые объекты Build) с ошибкой.

Ошибка сборки.

       "C:\Users\Антон Шевчик\Documents\2 курс\3 семестр\Лабораторные КПО\SE_Asm03\SE_Asm03\SE_Asm03.vcxproj" (целевой объект Build ) (1) ->
       (Целевой объект _MASM) -> 
         SE_Asm03.asm(1): error A2008: syntax error : .
         SE_Asm03.asm(2): error A2008: syntax error : .
         SE_Asm03.asm(8): error A2008: syntax error : .
         SE_Asm03.asm(22): error A2008: syntax error : MessageBoxA
         SE_Asm03.asm(28): error A2008: syntax error : main
         SE_Asm03.asm(28): error A2088: END directive required at end of file
         C:\Program Files\Microsoft Visual Studio\2022\Community\MSBuild\Microsoft\VC\v170\BuildCustomizations\masm.targets(70,5): error MSB3721: выход из команды "ml64.exe /c /nologo /Zi /Fo"x64\Debug\SE_Asm03.obj" /Fl"List" /W3 /errorReport:prompt  /TaSE_Asm03.asm" с кодом "1".

    Предупреждений: 0
    Ошибок: 7

Прошло времени 00:00:00.20
