Microsoft (R) Macro Assembler Version 14.41.34123.0	    12/16/24 00:56:21
SE_Asm01.asm						     Page 1 - 1


				.586P
				.MODEL FLAT, STDCALL
				includelib kernel32.lib
				includelib libucrt.lib
				EXTRN lexcompare: PROC
				EXTRN getcurrentdate: PROC
				EXTRN ConsoleInt: PROC
				EXTRN ConsoleStr: PROC
				EXTRN ConsolePause: proc
				ExitProcess PROTO : DWORD

				.STACK 4096
 00000000			.CONST
 00000000 00000005			L1 dd 5
 00000004 0000000F			L2 dd 15
 00000008 0000009A			L3 dd 154
 0000000C 64 73 61 00			L4 db 'dsa' , 0
 00000010 61 73 62 73 64		L5 db 'asbsd' , 0
	   00
 00000016 61 73 62 73 00		L6 db 'asbs' , 0
 0000001B 61 73 62 61 73		L7 db 'asbas' , 0
	   00
 00000021 73 61 74 00			L8 db 'sat' , 0
 00000025 00000002			L9 dd 2
 00000029 62 63 61 00			L10 db 'bca' , 0
 0000002D 63 62 61 00			L11 db 'cba' , 0
 00000031 62 61 63 00			L12 db 'bac' , 0
 00000035 63 61 62 00			L13 db 'cab' , 0
 00000039 61 62 63 00			L14 db 'abc' , 0
 0000003D 00000001			L15 dd 1

 00000000			.DATA

 00000000  00000100 [			buffer BYTE 256 dup(0)
	    00
	   ]
 00000100 00000000			numds_comp DD ?
 00000104 00000000			result_comp DD 0
 00000108 00000000			nume_start DD 0
 0000010C 00000000			nums_start DD 0
 00000110 00000000			numds_start DD 0
 00000114 00000000			result_start DD 0
 00000118 00000000			n_start DD 0
 0000011C 00000000			res_start DD 0
 00000120 00000000			str1_start DD ?
 00000124 00000000			str2_start DD ?
 00000128 00000000			str3_start DD ?
 0000012C 00000000			str4_start DD ?
 00000130 00000000			resul_start DD ?
 00000134 00000000			compar_start DD 0

 00000000			.CODE

 00000000			comp PROC one_comp : DWORD , two_comp : DWORD 

 00000003  FF 75 08		push one_comp
 00000006  58			pop EAX
 00000007  F7 D0		NOT EAX
 00000009  50			push EAX
 0000000A  FF 75 0C		push two_comp
 0000000D  8F 05 00000104 R	pop result_comp

 00000013  A1 00000104 R	mov eax, result_comp
				ret
 0000001C			comp ENDP

 0000001C			fun PROC st_fun : DWORD 

 0000001F  8B 45 08		mov eax, st_fun
				ret
 00000026			fun ENDP


 00000026			main PROC
 00000026			START:

 00000026  FF 35 00000000 R	push L1
 0000002C  8F 05 00000108 R	pop nume_start

 00000032  FF 35 00000004 R	push L2
 00000038  8F 05 00000108 R	pop nume_start

 0000003E  FF 35 00000108 R	push nume_start
 00000044  58			pop EAX
 00000045  5B			pop EBX
 00000046  03 C3		add EAX, EBX
 00000048  50			push EAX
 00000049  FF 35 00000110 R	push numds_start
 0000004F  8F 05 00000114 R	pop result_start

 00000055  FF 35 00000108 R	push nume_start
 0000005B  5B			pop EBX
 0000005C  58			pop EAX
 0000005D  2B C3		sub EAX, EBX
 0000005F  50			push EAX
 00000060  FF 35 00000110 R	push numds_start
 00000066  8F 05 00000114 R	pop result_start

 0000006C  FF 35 00000008 R	push L3
 00000072  8F 05 00000118 R	pop n_start

 00000078  FF 35 00000108 R	push nume_start
 0000007E  FF 35 00000118 R	push n_start
 00000084  E8 FFFFFF77		call comp
 00000089  50			push EAX
 0000008A  8F 05 0000011C R	pop res_start

 00000090  68 0000000C R	push offset L4
 00000095  8F 05 00000120 R	pop str1_start

 0000009B  68 00000010 R	push offset L5
 000000A0  8F 05 00000124 R	pop str2_start

 000000A6  68 00000016 R	push offset L6
 000000AB  8F 05 00000128 R	pop str3_start

 000000B1  68 0000001B R	push offset L7
 000000B6  8F 05 0000012C R	pop str4_start

 000000BC  B8 00000021 R	mov EAX, offset L8
 000000C1  50			push EAX
 000000C2  E8 00000000 E	call ConsoleStr

 000000C7  A1 00000025 R	mov EAX, L9
 000000CC  50			push EAX
 000000CD  E8 00000000 E	call ConsoleInt

 000000D2  FF 35 0000012C R	push str4_start
 000000D8  E8 FFFFFF3F		call fun
 000000DD  50			push EAX
 000000DE  8F 05 00000130 R	pop resul_start

 000000E4  68 00000000 R	push offset buffer
 000000E9  E8 00000000 E	call getcurrentdate
 000000EE  50			push EAX
 000000EF  8F 05 0000012C R	pop str4_start

 000000F5  A1 0000012C R	mov EAX, str4_start
 000000FA  50			push EAX
 000000FB  E8 00000000 E	call ConsoleStr

 00000100  FF 35 00000128 R	push str3_start
 00000106  FF 35 0000012C R	push str4_start
 0000010C  E8 00000000 E	call lexcompare
 00000111  50			push EAX
 00000112  8F 05 00000134 R	pop compar_start

 00000118  A1 00000134 R	mov EAX, compar_start
 0000011D  50			push EAX
 0000011E  E8 00000000 E	call ConsoleInt


 00000123  A1 00000108 R	mov EAX,nume_start
 00000128  BB 00000001		mov EBX, 1
 0000012D  2B C3		sub EAX, EBX
 0000012F  74 02		je true1
 00000131  EB 0B		jmp exit1

 00000133			true1:
 00000133  68 00000029 R	push offset L10
 00000138  8F 05 00000124 R	pop str2_start


 0000013E			exit1:

 0000013E  A1 00000108 R	mov EAX,nume_start
 00000143  8B 1D 00000118 R	mov EBX, n_start
 00000149  2B C3		sub EAX, EBX
 0000014B  74 02		je true2
 0000014D  EB 0B		jmp exit2

 0000014F			true2:
 0000014F  68 0000002D R	push offset L11
 00000154  8F 05 00000124 R	pop str2_start


 0000015A			exit2:

 0000015A  A1 00000108 R	mov EAX,nume_start
 0000015F  8B 1D 00000118 R	mov EBX, n_start
 00000165  2B C3		sub EAX, EBX
 00000167  74 02		je true3
 00000169  EB 0B		jmp exit3

 0000016B			true3:
 0000016B  68 00000031 R	push offset L12
 00000170  8F 05 00000124 R	pop str2_start


 00000176			exit3:

 00000176  A1 00000108 R	mov EAX,nume_start
 0000017B  8B 1D 00000118 R	mov EBX, n_start
 00000181  2B C3		sub EAX, EBX
 00000183  74 02		je true4
 00000185  EB 0B		jmp exit4

 00000187			true4:
 00000187  68 00000035 R	push offset L13
 0000018C  8F 05 00000124 R	pop str2_start


 00000192			exit4:

 00000192  A1 00000108 R	mov EAX,nume_start
 00000197  8B 1D 00000118 R	mov EBX, n_start
 0000019D  2B C3		sub EAX, EBX
 0000019F  74 02		je true5
 000001A1  EB 0B		jmp exit5

 000001A3			true5:
 000001A3  68 00000039 R	push offset L14
 000001A8  8F 05 00000124 R	pop str2_start


 000001AE			exit5:
 000001AE  B8 0000003D R	mov eax, offset L15
 000001B3  C3			ret
 000001B4  6A 00		push 0
 000001B6  E8 00000000 E	call ExitProcess
 000001BB			main ENDP
				end main
Microsoft (R) Macro Assembler Version 14.41.34123.0	    12/16/24 00:56:21
SE_Asm01.asm						     Symbols 2 - 1




Segments and Groups:

                N a m e                 Size     Length   Align   Combine Class

CONST  . . . . . . . . . . . . .	32 Bit	 00000041 Para	  Public  'CONST'	 ReadOnly
FLAT . . . . . . . . . . . . . .	GROUP
STACK  . . . . . . . . . . . . .	32 Bit	 00001000 Para	  Stack	  'STACK'	 
_DATA  . . . . . . . . . . . . .	32 Bit	 00000138 Para	  Public  'DATA'	
_TEXT  . . . . . . . . . . . . .	32 Bit	 000001BB Para	  Public  'CODE'	


Procedures, parameters, and locals:

                N a m e                 Type     Value    Attr

ExitProcess  . . . . . . . . . .	P Near	 00000000 FLAT	Length= 00000000 External STDCALL
comp . . . . . . . . . . . . . .	P Near	 00000000 _TEXT	Length= 0000001C Public STDCALL
  one_comp . . . . . . . . . . .	DWord	 bp + 00000008
  two_comp . . . . . . . . . . .	DWord	 bp + 0000000C
fun  . . . . . . . . . . . . . .	P Near	 0000001C _TEXT	Length= 0000000A Public STDCALL
  st_fun . . . . . . . . . . . .	DWord	 bp + 00000008
main . . . . . . . . . . . . . .	P Near	 00000026 _TEXT	Length= 00000195 Public STDCALL
  START  . . . . . . . . . . . .	L Near	 00000026 _TEXT	
  true1  . . . . . . . . . . . .	L Near	 00000133 _TEXT	
  exit1  . . . . . . . . . . . .	L Near	 0000013E _TEXT	
  true2  . . . . . . . . . . . .	L Near	 0000014F _TEXT	
  exit2  . . . . . . . . . . . .	L Near	 0000015A _TEXT	
  true3  . . . . . . . . . . . .	L Near	 0000016B _TEXT	
  exit3  . . . . . . . . . . . .	L Near	 00000176 _TEXT	
  true4  . . . . . . . . . . . .	L Near	 00000187 _TEXT	
  exit4  . . . . . . . . . . . .	L Near	 00000192 _TEXT	
  true5  . . . . . . . . . . . .	L Near	 000001A3 _TEXT	
  exit5  . . . . . . . . . . . .	L Near	 000001AE _TEXT	


Symbols:

                N a m e                 Type     Value    Attr

@CodeSize  . . . . . . . . . . .	Number	 00000000h   
@DataSize  . . . . . . . . . . .	Number	 00000000h   
@Interface . . . . . . . . . . .	Number	 00000003h   
@Model . . . . . . . . . . . . .	Number	 00000007h   
@code  . . . . . . . . . . . . .	Text   	 _TEXT
@data  . . . . . . . . . . . . .	Text   	 FLAT
@fardata?  . . . . . . . . . . .	Text   	 FLAT
@fardata . . . . . . . . . . . .	Text   	 FLAT
@stack . . . . . . . . . . . . .	Text   	 FLAT
ConsoleInt . . . . . . . . . . .	L Near	 00000000 FLAT	External STDCALL
ConsolePause . . . . . . . . . .	L Near	 00000000 FLAT	External STDCALL
ConsoleStr . . . . . . . . . . .	L Near	 00000000 FLAT	External STDCALL
L10  . . . . . . . . . . . . . .	Byte	 00000029 CONST	
L11  . . . . . . . . . . . . . .	Byte	 0000002D CONST	
L12  . . . . . . . . . . . . . .	Byte	 00000031 CONST	
L13  . . . . . . . . . . . . . .	Byte	 00000035 CONST	
L14  . . . . . . . . . . . . . .	Byte	 00000039 CONST	
L15  . . . . . . . . . . . . . .	DWord	 0000003D CONST	
L1 . . . . . . . . . . . . . . .	DWord	 00000000 CONST	
L2 . . . . . . . . . . . . . . .	DWord	 00000004 CONST	
L3 . . . . . . . . . . . . . . .	DWord	 00000008 CONST	
L4 . . . . . . . . . . . . . . .	Byte	 0000000C CONST	
L5 . . . . . . . . . . . . . . .	Byte	 00000010 CONST	
L6 . . . . . . . . . . . . . . .	Byte	 00000016 CONST	
L7 . . . . . . . . . . . . . . .	Byte	 0000001B CONST	
L8 . . . . . . . . . . . . . . .	Byte	 00000021 CONST	
L9 . . . . . . . . . . . . . . .	DWord	 00000025 CONST	
buffer . . . . . . . . . . . . .	Byte	 00000000 _DATA	
compar_start . . . . . . . . . .	DWord	 00000134 _DATA	
getcurrentdate . . . . . . . . .	L Near	 00000000 FLAT	External STDCALL
lexcompare . . . . . . . . . . .	L Near	 00000000 FLAT	External STDCALL
n_start  . . . . . . . . . . . .	DWord	 00000118 _DATA	
numds_comp . . . . . . . . . . .	DWord	 00000100 _DATA	
numds_start  . . . . . . . . . .	DWord	 00000110 _DATA	
nume_start . . . . . . . . . . .	DWord	 00000108 _DATA	
nums_start . . . . . . . . . . .	DWord	 0000010C _DATA	
res_start  . . . . . . . . . . .	DWord	 0000011C _DATA	
resul_start  . . . . . . . . . .	DWord	 00000130 _DATA	
result_comp  . . . . . . . . . .	DWord	 00000104 _DATA	
result_start . . . . . . . . . .	DWord	 00000114 _DATA	
str1_start . . . . . . . . . . .	DWord	 00000120 _DATA	
str2_start . . . . . . . . . . .	DWord	 00000124 _DATA	
str3_start . . . . . . . . . . .	DWord	 00000128 _DATA	
str4_start . . . . . . . . . . .	DWord	 0000012C _DATA	

	   0 Warnings
	   0 Errors
